// Jest Snapshot v1, https://goo.gl/fbAQLP

exports[`CategoryRecipesPage components Should take a snapshot', 1`] = `
<DocumentFragment>
  <div
    class="sc-papXJ eAONcb"
  >
    <h1
      class="sc-jdAMXn kWSjuy"
    />
    <div
      class="sc-bczRLJ cCDILE"
      data-testid="recipes-container"
    />
    <footer
      class="sc-ciZhAO faxpSw"
      data-testid="footer"
    >
      <p>
        ©2022 Ewelina Mężyk, Wszelkie prawa zastrzeżone
      </p>
    </footer>
  </div>
</DocumentFragment>
`;
